JSCompiler_StaticMethods__peek_at:Pi
JSCompiler_StaticMethods__run:Ki
JSCompiler_StaticMethods__set_opts:Qi
JSCompiler_StaticMethods_assoc_BANG_:dg
JSCompiler_StaticMethods_cljs$core$ITransientVector$_assoc_n_BANG_$arity$3:pf
JSCompiler_StaticMethods_divide:za
JSCompiler_StaticMethods_entry_at:rg
JSCompiler_StaticMethods_getBits:xa
JSCompiler_StaticMethods_isZero:ya
JSCompiler_StaticMethods_negate:qa
JSCompiler_StaticMethods_run_funs:qi
JSCompiler_StaticMethods_schedule:ri
JSCompiler_StaticMethods_shiftRight:Da
JSCompiler_StaticMethods_sval:ae
JSCompiler_StaticMethods_toNumber:wa
JSCompiler_prototypeAlias:f
L 0:a
L 1:b
L 10:n
L 11:p
L 12:q
L 13:v
L 14:w
L 15:y
L 16:D
L 17:P
L 18:ca
L 19:ja
L 2:c
L 20:Ba
L 21:Ya
L 22:ra
L 23:t
L 24:B
L 25:C
L 26:E
L 27:F
L 28:H
L 29:M
L 3:d
L 30:O
L 31:R
L 32:T
L 33:Y
L 34:aa
L 35:da
L 36:ia
L 37:ma
L 38:ua
L 39:Aa
L 4:e
L 40:Na
L 41:bb
L 42:yb
L 43:lc
L 44:pe
L 5:g
L 6:h
L 7:k
L 8:l
L 9:m
cljs:Ja
cljs$core:Ka
cljs$core$ArrayChunk:ce
cljs$core$ArrayNode:Of
cljs$core$ArrayNodeIterator:Sf
cljs$core$ArrayNodeSeq:Zf
cljs$core$Atom:De
cljs$core$BitmapIndexedNode:Kf
cljs$core$BitmapIndexedNode$EMPTY:Nf
cljs$core$BlackNode:hg
cljs$core$Box:Df
cljs$core$ChunkBuffer:be
cljs$core$ChunkedCons:de
cljs$core$ChunkedSeq:lf
cljs$core$Cons:Wd
cljs$core$ES6EntriesIterator:tf
cljs$core$ES6Iterator:Kc
cljs$core$ES6SetEntriesIterator:uf
cljs$core$EmptyList:Vd
cljs$core$Fn:ib
cljs$core$HashCollisionNode:Wf
cljs$core$HashMapIter:ag
cljs$core$HashSetIter:yg
cljs$core$ICollection:mb
cljs$core$IComparable:fc
cljs$core$ICounted:kb
cljs$core$IEncodeJS:Vg
cljs$core$IFn:jb
cljs$core$IIndexed:ob
cljs$core$IIterable:pc
cljs$core$IKVReduce:Ob
cljs$core$IList:Vb
cljs$core$ILookup:ub
cljs$core$IMap:zb
cljs$core$IMeta:Jb
cljs$core$INext:sb
cljs$core$IPrintWithWriter:Yb
cljs$core$IRecord:Wb
cljs$core$IReduce:Mb
cljs$core$IReversible:Qj
cljs$core$ISeq:qb
cljs$core$ISeqable:Sb
cljs$core$ISequential:Ub
cljs$core$ISet:Db
cljs$core$ITER_SYMBOL:db
cljs$core$IVector:Hb
cljs$core$IndexedSeq:Q
cljs$core$IndexedSeqIterator:dd
cljs$core$KeySeq:vg
cljs$core$Keyword:K
cljs$core$LazySeq:$d
cljs$core$List:jd
cljs$core$List$EMPTY:Ic
cljs$core$MapEntry:Ze
cljs$core$MetaFn:qd
cljs$core$NeverEquiv:qf
cljs$core$NodeIterator:Jf
cljs$core$NodeSeq:Xf
cljs$core$PROTOCOL_SENTINEL:u
cljs$core$PersistentArrayMap:Sa
cljs$core$PersistentArrayMap$EMPTY:ze
cljs$core$PersistentArrayMap$HASHMAP_THRESHOLD:Af
cljs$core$PersistentArrayMapIterator:wf
cljs$core$PersistentArrayMapSeq:vf
cljs$core$PersistentHashMap:bg
cljs$core$PersistentHashMap$EMPTY:Bf
cljs$core$PersistentHashSet:zg
cljs$core$PersistentHashSet$EMPTY:Bg
cljs$core$PersistentTreeMap:qg
cljs$core$PersistentTreeMap$EMPTY:sg
cljs$core$PersistentTreeMapSeq:fg
cljs$core$PersistentVector:we
cljs$core$PersistentVector$EMPTY:id
cljs$core$PersistentVector$EMPTY_NODE:xe
cljs$core$PersistentVector$fromArray:ef
cljs$core$RSeq:Sj
cljs$core$RangedIterator:We
cljs$core$RedNode:Z
cljs$core$Reduced:Rc
cljs$core$StringBufferWriter:rc
cljs$core$Symbol:Ec
cljs$core$TransientArrayMap:zf
cljs$core$TransientHashMap:cg
cljs$core$TransientHashSet:Ag
cljs$core$TransientVector:$e
cljs$core$ValSeq:wg
cljs$core$VectorNode:Me
cljs$core$_EQ_:Jc
cljs$core$_PLUS_:Sd
cljs$core$_STAR_eval_STAR_:$g
cljs$core$_STAR_loaded_libs_STAR_:Qa
cljs$core$_STAR_print_err_fn_STAR_:Oa
cljs$core$_STAR_print_fn_STAR_:Ma
cljs$core$_STAR_print_level_STAR_:Pa
cljs$core$_add_watch:$b
cljs$core$_as_transient:bc
cljs$core$_assoc:wb
cljs$core$_assoc_BANG_:ec
cljs$core$_chunked_first:ic
cljs$core$_chunked_rest:jc
cljs$core$_clj__GT_js:Wg
cljs$core$_compare:gc
cljs$core$_conj:nb
cljs$core$_conj_BANG_:cc
cljs$core$_count:lb
cljs$core$_deref:Ib
cljs$core$_disjoin:Eb
cljs$core$_dissoc:Ab
cljs$core$_drop_first:hc
cljs$core$_equiv:Qb
cljs$core$_find:xb
cljs$core$_first:I
cljs$core$_hash:Rb
cljs$core$_indexOf$cljs$0core$0IFn$0_invoke$0arity$03:V
cljs$core$_iterator:qc
cljs$core$_key:Bb
cljs$core$_kv_reduce:Pb
cljs$core$_lastIndexOf$cljs$0core$0IFn$0_invoke$0arity$03:X
cljs$core$_lookup:vb
cljs$core$_meta:Kb
cljs$core$_name:kc
cljs$core$_namespace:mc
cljs$core$_next:tb
cljs$core$_nth:pb
cljs$core$_peek:Fb
cljs$core$_persistent_BANG_:dc
cljs$core$_pop:Gb
cljs$core$_pr_writer:Zb
cljs$core$_reduce:Nb
cljs$core$_remove_watch:ac
cljs$core$_reset_BANG_:nc
cljs$core$_rest:rb
cljs$core$_rseq:Rj
cljs$core$_seq:Tb
cljs$core$_swap_BANG_:oc
cljs$core$_val:Cb
cljs$core$_with_meta:Lb
cljs$core$_write:Xb
cljs$core$aclone:eb
cljs$core$apply:rd
cljs$core$apply$cljs$0core$0IFn$0_invoke$0arity$02:re
cljs$core$apply$cljs$0core$0IFn$0_invoke$0arity$03:se
cljs$core$apply$cljs$0core$0IFn$0_invoke$0arity$05:te
cljs$core$apply$cljs$0core$0IFn$0_invoke$0arity$0variadic:ue
cljs$core$apply_to:ke
cljs$core$apply_to_simple$cljs$0core$0IFn$0_invoke$0arity$03:me
cljs$core$apply_to_simple$cljs$0core$0IFn$0_invoke$0arity$04:ne
cljs$core$apply_to_simple$cljs$0core$0IFn$0_invoke$0arity$05:oe
cljs$core$apply_to_simple$cljs$0core$0IFn$0_invoke$0arity$06:qe
cljs$core$array_QMARK_:$a
cljs$core$array__GT_transient_hash_map:Cf
cljs$core$array_copy:Dd
cljs$core$array_for:Te
cljs$core$array_index_of:nd
cljs$core$array_reduce$cljs$0core$0IFn$0_invoke$0arity$02:Xc
cljs$core$array_reduce$cljs$0core$0IFn$0_invoke$0arity$03:Yc
cljs$core$array_reduce$cljs$0core$0IFn$0_invoke$0arity$04:Zc
cljs$core$assoc:md
cljs$core$assoc_in:bk
cljs$core$balance_left:gg
cljs$core$balance_left_del:jg
cljs$core$balance_right:ig
cljs$core$balance_right_del:kg
cljs$core$bit_count:Ud
cljs$core$boolean$0:Fd
cljs$core$bounded_count:ge
cljs$core$char_escapes:Hg
cljs$core$chunk_append:fe
cljs$core$chunk_cons:ee
cljs$core$chunked_seq:df
cljs$core$chunked_seq$cljs$0core$0IFn$0_invoke$0arity$04:cf
cljs$core$chunked_seq$cljs$0core$0IFn$0_invoke$0arity$05:mf
cljs$core$chunked_seq_QMARK_:Cd
cljs$core$ci_reduce$cljs$0core$0IFn$0_invoke$0arity$02:Vc
cljs$core$ci_reduce$cljs$0core$0IFn$0_invoke$0arity$03:Wc
cljs$core$clj__GT_js:Xg
cljs$core$clone_and_set$cljs$0core$0IFn$0_invoke$0arity$03:Ff
cljs$core$coll_QMARK_:wd
cljs$core$compare:Id
cljs$core$compare_indexed$cljs$0core$0IFn$0_invoke$0arity$02:Jd
cljs$core$compare_keywords:Xd
cljs$core$compare_symbols:Dc
cljs$core$concat:ie
cljs$core$conj:hd
cljs$core$conj_BANG_:je
cljs$core$cons:fd
cljs$core$contains_QMARK_:Hd
cljs$core$count:W
cljs$core$counted_QMARK_:$c
cljs$core$create_array_node_seq:Uf
cljs$core$create_array_node_seq$cljs$0core$0IFn$0_invoke$0arity$01:Tf
cljs$core$create_array_node_seq$cljs$0core$0IFn$0_invoke$0arity$03:$f
cljs$core$create_inode_seq:Mf
cljs$core$create_inode_seq$cljs$0core$0IFn$0_invoke$0arity$01:Lf
cljs$core$create_inode_seq$cljs$0core$0IFn$0_invoke$0arity$03:Yf
cljs$core$create_node:Qf
cljs$core$create_node$cljs$0core$0IFn$0_invoke$0arity$06:Rf
cljs$core$create_node$cljs$0core$0IFn$0_invoke$0arity$07:Pf
cljs$core$create_tree_map_seq:ck
cljs$core$deref:Uc
cljs$core$disj:ud
cljs$core$dissoc:od
cljs$core$do_assoc:Ue
cljs$core$drop$cljs$0core$0IFn$0_invoke$0arity$02:He
cljs$core$drop_last$cljs$0core$0IFn$0_invoke$0arity$02:Ie
cljs$core$edit_and_set$cljs$0core$0IFn$0_invoke$0arity$04:Hf
cljs$core$empty_QMARK_:vd
cljs$core$empty_ordered_hash:Nc
cljs$core$empty_unordered_hash:Pc
cljs$core$enable_console_print_BANG_:Za
cljs$core$equiv_map:sf
cljs$core$equiv_sequential:ed
cljs$core$es6_iterator:Lc
cljs$core$every_QMARK_:Ae
cljs$core$filter$cljs$0core$0IFn$0_invoke$0arity$02:Je
cljs$core$first:S
cljs$core$fn_QMARK_:pd
cljs$core$gensym$cljs$0core$0IFn$0_invoke$0arity$01:Ug
cljs$core$gensym_counter:Tg
cljs$core$get:J
cljs$core$hash:Bc
cljs$core$hash_collision_node_find_index:Vf
cljs$core$hash_combine:Cc
cljs$core$hash_map:tg
cljs$core$hash_ordered_coll:Mc
cljs$core$hash_string:Ac
cljs$core$hash_unordered_coll:Oc
cljs$core$identity:Qd
cljs$core$ifn_QMARK_:Gd
cljs$core$imul:tc
cljs$core$inc:Qc
cljs$core$indexed_QMARK_:ad
cljs$core$inode_kv_reduce:If
cljs$core$into:Ke
cljs$core$into_array$cljs$0core$0IFn$0_invoke$0arity$02:fb
cljs$core$iter_reduce$cljs$0core$0IFn$0_invoke$0arity$02:Md
cljs$core$iter_reduce$cljs$0core$0IFn$0_invoke$0arity$03:Nd
cljs$core$iterable_QMARK_:Gc
cljs$core$key:hf
cljs$core$key_test:Ef
cljs$core$keys:xf
cljs$core$keyword:Yd
cljs$core$linear_traversal_nth$cljs$0core$0IFn$0_invoke$0arity$03:kd
cljs$core$lookup_sentinel:Ed
cljs$core$m3_fmix:wc
cljs$core$m3_hash_unencoded_chars:xc
cljs$core$m3_mix_H1:vc
cljs$core$m3_mix_K1:uc
cljs$core$map:Ge
cljs$core$map_QMARK_:zd
cljs$core$map_entry_QMARK_:gf
cljs$core$merge:xg
cljs$core$meta:td
cljs$core$missing_protocol:A
cljs$core$name:Zd
cljs$core$native_satisfies_QMARK_:z
cljs$core$never_equiv:rf
cljs$core$new_path:Qe
cljs$core$next:U
cljs$core$next_STAR_:le
cljs$core$nil_iter:ve
cljs$core$not:ab
cljs$core$nth:cd
cljs$core$nth$cljs$0core$0IFn$0_invoke$0arity$02:bd
cljs$core$nth$cljs$0core$0IFn$0_invoke$0arity$03:ld
cljs$core$partial:Ce
cljs$core$pop_tail:Ve
cljs$core$pr_opts:Ra
cljs$core$pr_sb_with_opts:Pg
cljs$core$pr_sequential_writer:Eg
cljs$core$pr_str_STAR_:sc
cljs$core$pr_str_with_opts:Qg
cljs$core$pr_writer:Lg
cljs$core$pr_writer_impl:Kg
cljs$core$prim_seq$cljs$0core$0IFn$0_invoke$0arity$02:gd
cljs$core$print_map:Mg
cljs$core$print_meta_QMARK_:Jg
cljs$core$print_prefix_map:Rg
cljs$core$push_tail:Re
cljs$core$pv_clone_node:Oe
cljs$core$pv_fresh_node:Ne
cljs$core$pv_reduce$cljs$0core$0IFn$0_invoke$0arity$04:Xe
cljs$core$pv_reduce$cljs$0core$0IFn$0_invoke$0arity$05:Ye
cljs$core$quot:Td
cljs$core$quote_string:Ig
cljs$core$re_matches:Dg
cljs$core$record_QMARK_:Ad
cljs$core$reduce:hb
cljs$core$reduce$cljs$0core$0IFn$0_invoke$0arity$02:Od
cljs$core$reduce$cljs$0core$0IFn$0_invoke$0arity$03:gb
cljs$core$reduce_kv:Pd
cljs$core$reduced_QMARK_:Sc
cljs$core$remove_pair:Gf
cljs$core$reset_BANG_:Ee
cljs$core$rest:Hc
cljs$core$reverse:ak
cljs$core$seq:N
cljs$core$seq_reduce:Tj
cljs$core$seq_reduce$cljs$0core$0IFn$0_invoke$0arity$02:Kd
cljs$core$seq_reduce$cljs$0core$0IFn$0_invoke$0arity$03:Ld
cljs$core$sequential_QMARK_:yd
cljs$core$set:Cg
cljs$core$set_QMARK_:xd
cljs$core$some:Be
cljs$core$sorted_map:ug
cljs$core$spread:he
cljs$core$str:G
cljs$core$string_hash_cache:yc
cljs$core$string_hash_cache_count:zc
cljs$core$swap_BANG_:Fe
cljs$core$symbol:Fc
cljs$core$t_cljs$0core6605:La
cljs$core$tail_off:Pe
cljs$core$tapset:Zg
cljs$core$transduce$cljs$0core$0IFn$0_invoke$0arity$04:Rd
cljs$core$tree_map_add:mg
cljs$core$tree_map_append:ng
cljs$core$tree_map_kv_reduce:lg
cljs$core$tree_map_remove:og
cljs$core$tree_map_replace:pg
cljs$core$tree_map_seq_push:eg
cljs$core$truth_:x
cljs$core$tv_editable_root:af
cljs$core$tv_editable_tail:bf
cljs$core$tv_ensure_editable:nf
cljs$core$tv_push_tail:of
cljs$core$type__GT_str:cb
cljs$core$unchecked_array_for:Se
cljs$core$unreduced:Tc
cljs$core$update_in:Le
cljs$core$val:jf
cljs$core$vals:yf
cljs$core$vec:ff
cljs$core$vector:kf
cljs$core$vector_QMARK_:Bd
cljs$core$with_meta:sd
cljs$core$write_all$cljs$0core$0IFn$0_invoke$0arity$0variadic:Gg
cljs$cst$keyword$all:lk
cljs$cst$keyword$alt:hk
cljs$cst$keyword$alt_DASH_impl:Ng
cljs$cst$keyword$auto_DASH_run:ch
cljs$cst$keyword$autobind:Eh
cljs$cst$keyword$button_DOT_btn_DOT_btn_DASH_light_DOT_btn_DASH_sm:uk
cljs$cst$keyword$button_DOT_btn_DOT_btn_DASH_light_DOT_btn_DASH_sm_DOT_mr_DASH_1:ek
cljs$cst$keyword$class:ih
cljs$cst$keyword$cljsLegacyRender:mh
cljs$cst$keyword$componentFunction:eh
cljs$cst$keyword$componentWillMount:Kh
cljs$cst$keyword$componentWillUnmount:Ah
cljs$cst$keyword$component_DASH_did_DASH_mount:wh
cljs$cst$keyword$component_DASH_did_DASH_update:vh
cljs$cst$keyword$component_DASH_will_DASH_unmount:Jh
cljs$cst$keyword$displayName:fh
cljs$cst$keyword$display_DASH_name:Fh
cljs$cst$keyword$div:Ak
cljs$cst$keyword$div_DOT_bg_DASH_light:ik
cljs$cst$keyword$div_DOT_container:xk
cljs$cst$keyword$div_DOT_mb_DASH_5_DOT_p_DASH_3_DOT_bg_DASH_white_DOT_border_DASH_left_DOT_border_DASH_right_DOT_border_DASH_bottom_DOT_shadow:tk
cljs$cst$keyword$div_DOT_media:Fk
cljs$cst$keyword$div_DOT_media_DASH_body:ok
cljs$cst$keyword$div_DOT_navbar_DASH_brand:yk
cljs$cst$keyword$div_DOT_navbar_DOT_navbar_DASH_dark_DOT_bg_DASH_info_DOT_text_DASH_light_DOT_mb_DASH_4_DOT_shadow:fk
cljs$cst$keyword$div_DOT_p_DASH_3_DOT_bg_DASH_white_DOT_border_DASH_left_DOT_border_DASH_right_DOT_border_DASH_top_DOT_shadow:vk
cljs$cst$keyword$div_DOT_p_DASH_3_DOT_bg_DASH_white_DOT_border_DOT_shadow:mk
cljs$cst$keyword$done:Ck
cljs$cst$keyword$dup:Wa
cljs$cst$keyword$error:Bh
cljs$cst$keyword$fallback_DASH_impl:Og
cljs$cst$keyword$flush_DASH_on_DASH_newline:Ta
cljs$cst$keyword$h5_DOT_mt_DASH_0:rk
cljs$cst$keyword$h5_DOT_mt_DASH_0_DOT_mb_DASH_0:gk
cljs$cst$keyword$height:Bk
cljs$cst$keyword$i_DOT_fi_DASH_pencil:wk
cljs$cst$keyword$i_DOT_fi_DASH_x:qk
cljs$cst$keyword$id:Ih
cljs$cst$keyword$img:nk
cljs$cst$keyword$input:hh
cljs$cst$keyword$key:zh
cljs$cst$keyword$keyword_DASH_fn:Yg
cljs$cst$keyword$meta:Va
cljs$cst$keyword$more_DASH_marker:Fg
cljs$cst$keyword$name:ph
cljs$cst$keyword$no_DASH_cache:uh
cljs$cst$keyword$on_DASH_blur:Gh
cljs$cst$keyword$on_DASH_change:ah
cljs$cst$keyword$on_DASH_click:jk
cljs$cst$keyword$on_DASH_dispose:gh
cljs$cst$keyword$on_DASH_key_DASH_down:jh
cljs$cst$keyword$on_DASH_save:nh
cljs$cst$keyword$on_DASH_set:sh
cljs$cst$keyword$on_DASH_stop:dh
cljs$cst$keyword$on_DASH_write:yh
cljs$cst$keyword$p:zk
cljs$cst$keyword$placeholder:qh
cljs$cst$keyword$print_DASH_length:Xa
cljs$cst$keyword$readably:Ua
cljs$cst$keyword$reagentRender:oh
cljs$cst$keyword$reagent_DASH_render:xh
cljs$cst$keyword$render:bh
cljs$cst$keyword$section_SHARP_main:Dk
cljs$cst$keyword$section_SHARP_twit_DASH_app:kk
cljs$cst$keyword$shouldComponentUpdate:Hh
cljs$cst$keyword$small_DOT_navbar_DASH_text:dk
cljs$cst$keyword$span_DOT_small_DOT_text_DASH_secondary:sk
cljs$cst$keyword$src:pk
cljs$cst$keyword$synthetic_DASH_on_DASH_change:lh
cljs$cst$keyword$synthetic_DASH_on_DASH_update:th
cljs$cst$keyword$title:kh
cljs$cst$keyword$type:Lh
cljs$cst$keyword$val:Sg
cljs$cst$keyword$validator:Ch
cljs$cst$keyword$value:Dh
cljs$cst$keyword$warn:rh
cljs$cst$keyword$width:Ek
cljs$cst$symbol$meta6606:ye
clojure$set$difference:ui
clojure$string$join$cljs$0core$0IFn$0_invoke$0arity$02:Xh
clojure$string$replace:Wh
clojure$string$replace_all:Uh
clojure$string$replace_with:Vh
goog$UID_PROPERTY_:fa
goog$array$defaultCompare:Ha
goog$array$toArray:Ga
goog$exportPath_:Pj
goog$getUid:ea
goog$global:ba
goog$math$Integer:ka
goog$math$Integer$IntCache_:la
goog$math$Integer$ONE:ta
goog$math$Integer$TWO_PWR_24_:va
goog$math$Integer$TWO_PWR_32_DBL_:sa
goog$math$Integer$ZERO:pa
goog$math$Integer$carry16_:Ca
goog$math$Integer$fromInt:na
goog$math$Integer$fromNumber:oa
goog$object$getKeys:Fa
goog$string$StringBuffer:Ia
goog$string$internal$trim:Ea
goog$typeOf:r
goog$uidCounter_:ha
module$node_modules$create_react_class$index:ii
module$node_modules$react$index:Th
module$node_modules$react_dom$index:Ij
reagent:Yh
reagent$core$render:Hk
reagent$core$render$cljs$0core$0IFn$0_invoke$0arity$02:Ik
reagent$debug:Zh
reagent$debug$track_console:ai
reagent$debug$warnings:$h
reagent$dom:Jj
reagent$dom$dom_node:Oj
reagent$dom$imported:Kj
reagent$dom$re_render_component:Nj
reagent$dom$render$cljs$0core$0IFn$0_invoke$0arity$03:Gk
reagent$dom$render_comp:Mj
reagent$dom$roots:Lj
reagent$impl:bi
reagent$impl$batching:ji
reagent$impl$batching$RenderQueue:pi
reagent$impl$batching$compare_mount_order:ni
reagent$impl$batching$fake_raf:li
reagent$impl$batching$mount_count:ki
reagent$impl$batching$next_tick:mi
reagent$impl$batching$queue_render:ti
reagent$impl$batching$ratom_flush:oi
reagent$impl$batching$render_queue:si
reagent$impl$component:Vi
reagent$impl$component$_STAR_current_component_STAR_:Wi
reagent$impl$component$as_element:Zi
reagent$impl$component$camelify_map_keys:fj
reagent$impl$component$create_class:ij
reagent$impl$component$custom_wrapper:bj
reagent$impl$component$dash_to_camel:ej
reagent$impl$component$get_wrapper:cj
reagent$impl$component$map_to_js:hj
reagent$impl$component$obligatory:dj
reagent$impl$component$props_argv:Xi
reagent$impl$component$rat_opts:Ui
reagent$impl$component$reagent_class_QMARK_:Yi
reagent$impl$component$static_fns:aj
reagent$impl$component$wrap_funs:gj
reagent$impl$component$wrap_render:$i
reagent$impl$template:jj
reagent$impl$template$as_element:Fj
reagent$impl$template$convert_prop_value:oj
reagent$impl$template$expand_seq:Hj
reagent$impl$template$find_dom_node:qj
reagent$impl$template$get_key:Cj
reagent$impl$template$input_component_set_value:tj
reagent$impl$template$input_handle_change:uj
reagent$impl$template$input_node_set_value:sj
reagent$impl$template$input_render_setup$cljs$0core$0IFn$0_invoke$0arity$03:vj
reagent$impl$template$input_spec:Aj
reagent$impl$template$input_unmount:wj
reagent$impl$template$kv_conv:nj
reagent$impl$template$make_element:zj
reagent$impl$template$named_QMARK_:lj
reagent$impl$template$native_element:Ej
reagent$impl$template$oset:pj
reagent$impl$template$prop_name_cache:mj
reagent$impl$template$re_tag:kj
reagent$impl$template$reagent_input_class:xj
reagent$impl$template$reagent_synthetic_input_class:yj
reagent$impl$template$synthetic_input_spec:Bj
reagent$impl$template$tag_name_cache:Dj
reagent$impl$template$these_inputs_have_selection_api:rj
reagent$impl$template$vec_to_elem:Gj
reagent$impl$util$_STAR_always_update_STAR_:hi
reagent$impl$util$capitalize:ei
reagent$impl$util$dash_to_camel:fi
reagent$impl$util$dont_camel_case:di
reagent$impl$util$fun_name:gi
reagent$impl$util$is_client:ci
reagent$ratom:vi
reagent$ratom$RAtom:Li
reagent$ratom$Reaction:Oi
reagent$ratom$_STAR_ratom_context_STAR_:wi
reagent$ratom$_running:zi
reagent$ratom$add_w:Ei
reagent$ratom$atom:Mi
reagent$ratom$check_watches:Di
reagent$ratom$debug:xi
reagent$ratom$deref_capture:Ai
reagent$ratom$dispose_BANG_:Ni
reagent$ratom$flush_BANG_:Ji
reagent$ratom$generation:yi
reagent$ratom$handle_reaction_change:Bi
reagent$ratom$make_reaction:Ri
reagent$ratom$notify_deref_watcher_BANG_:Ci
reagent$ratom$notify_w:Gi
reagent$ratom$pr_atom:Hi
reagent$ratom$rea_queue:Ii
reagent$ratom$remove_w:Fi
reagent$ratom$run_in_reaction:Ti
reagent$ratom$temp_reaction:Si
shadow$js:Mh
shadow$js$files:Nh
shadow$js$jsRequire:Sh
shadow$js$nativeRequires:Oh
shadow$js$process_noop:Qh
shadow$js$requireStack:Rh
shadow$js$shims:Ph
twitt_clone:Uj
twitt_clone$core:Vj
twitt_clone$core$add_twit:Yj
twitt_clone$core$counter:Xj
twitt_clone$core$init:Zj
twitt_clone$core$twit_app:Nk
twitt_clone$core$twit_edit:Kk
twitt_clone$core$twit_input:Jk
twitt_clone$core$twit_item:Mk
twitt_clone$core$twits:Wj
twitt_clone$core$user_image:Lk
